// Jest Snapshot v1, https://goo.gl/fbAQLP

exports[`Pagination should render 1`] = `
<div>
  <div
    class="css-1u96uvg-MuiStack-root"
  >
    <button
      class="MuiButtonBase-root Mui-disabled MuiIconButton-root Mui-disabled MuiIconButton-sizeMedium css-1e2s9g8-MuiButtonBase-root-MuiIconButton-root"
      disabled=""
      tabindex="-1"
      type="button"
    >
      1
    </button>
    <button
      class="MuiButtonBase-root MuiIconButton-root MuiIconButton-sizeMedium css-1e2s9g8-MuiButtonBase-root-MuiIconButton-root"
      tabindex="0"
      type="button"
    >
      2
      <span
        class="MuiTouchRipple-root css-8je8zh-MuiTouchRipple-root"
      />
    </button>
    <button
      class="MuiButtonBase-root MuiIconButton-root MuiIconButton-sizeMedium css-1e2s9g8-MuiButtonBase-root-MuiIconButton-root"
      tabindex="0"
      type="button"
    >
      3
      <span
        class="MuiTouchRipple-root css-8je8zh-MuiTouchRipple-root"
      />
    </button>
    <button
      class="MuiButtonBase-root MuiIconButton-root MuiIconButton-sizeMedium css-1e2s9g8-MuiButtonBase-root-MuiIconButton-root"
      tabindex="0"
      type="button"
    >
      4
      <span
        class="MuiTouchRipple-root css-8je8zh-MuiTouchRipple-root"
      />
    </button>
    <button
      class="MuiButtonBase-root MuiIconButton-root MuiIconButton-sizeMedium css-1e2s9g8-MuiButtonBase-root-MuiIconButton-root"
      tabindex="0"
      type="button"
    >
      5
      <span
        class="MuiTouchRipple-root css-8je8zh-MuiTouchRipple-root"
      />
    </button>
    <button
      class="MuiButtonBase-root MuiIconButton-root MuiIconButton-sizeMedium css-1e2s9g8-MuiButtonBase-root-MuiIconButton-root"
      tabindex="0"
      type="button"
    >
      6
      <span
        class="MuiTouchRipple-root css-8je8zh-MuiTouchRipple-root"
      />
    </button>
    <button
      class="MuiButtonBase-root MuiIconButton-root MuiIconButton-sizeMedium css-1e2s9g8-MuiButtonBase-root-MuiIconButton-root"
      tabindex="0"
      type="button"
    >
      7
      <span
        class="MuiTouchRipple-root css-8je8zh-MuiTouchRipple-root"
      />
    </button>
    <button
      class="MuiButtonBase-root MuiIconButton-root MuiIconButton-sizeMedium css-1e2s9g8-MuiButtonBase-root-MuiIconButton-root"
      tabindex="0"
      type="button"
    >
      8
      <span
        class="MuiTouchRipple-root css-8je8zh-MuiTouchRipple-root"
      />
    </button>
    <button
      class="MuiButtonBase-root MuiIconButton-root MuiIconButton-sizeMedium css-1e2s9g8-MuiButtonBase-root-MuiIconButton-root"
      tabindex="0"
      type="button"
    >
      9
      <span
        class="MuiTouchRipple-root css-8je8zh-MuiTouchRipple-root"
      />
    </button>
    <button
      class="MuiButtonBase-root MuiIconButton-root MuiIconButton-sizeMedium css-1e2s9g8-MuiButtonBase-root-MuiIconButton-root"
      tabindex="0"
      type="button"
    >
      10
      <span
        class="MuiTouchRipple-root css-8je8zh-MuiTouchRipple-root"
      />
    </button>
  </div>
</div>
`;
